>>> from books_authors_app import Book, Author
Traceback (most recent call last):
  File "<console>", line 1, in <module>
ImportError: cannot import name 'Book' from 'books_authors_app' (/Users/stevenmiyauchi/Desktop/python_stack/django/books_authors_proj/books_authors_app/__init__.py)
>>> from books_authors_app.models import Book, Author
>>> Book.objects.all()
<QuerySet []>
>>> Author.objects.all()
<QuerySet []>
>>> Book.objects.create(title="C Sharp")
<Book: Book object (1)>
>>> Book.objects.create(title="Java")
<Book: Book object (2)>
>>> Book.objects.create(title="Python")
<Book: Book object (3)>
>>> Book.objects.create(title="PHP")
<Book: Book object (4)>
>>> Book.objects.create(title="Ruby")
<Book: Book object (5)>
>>> Author.objects.create(first_name="Jane", last_name="Austen")
<Author: Author object (1)>
>>> Author.objects.create(first_name="Emily", last_name="Dickinson")
<Author: Author object (2)>
>>> Author.objects.create(first_name="Fyodor", last_name="Dostoevsky")
<Author: Author object (3)>
>>> Author.objects.create(first_name="William", last_name="Shakespeare")
<Author: Author object (4)>
>>> Author.objects.create(first_name="Lau", last_name="Tzu")
<Author: Author object (5)>